"javac" не является внутренней или внешней
командой, исполняемой программой или пакетным файлом.
"javac" не является внутренней или внешней
командой, исполняемой программой или пакетным файлом.
"C:\Program" не является внутренней или внешней
командой, исполняемой программой или пакетным файлом.
